// Jest Snapshot v1, https://goo.gl/fbAQLP

exports[`Blog post with factory It matches snapshot 1`] = `
<div>
  <article
    class="container w-full md:max-w-3xl mx-auto pt-20"
  >
    <hr
      class="border-b-2 border-gray-400 mb-8 mx-4"
    />
    <img
      alt="CF Show Pro UI"
      class="w-full"
      height="1673"
      src="https://calderaforms.com/wp-content/uploads/2019/12/StockSnap_61AE320141.jpg"
      width="2508"
    />
    <div
      class="w-full px-4 md:px-6 text-xl text-gray-800 leading-normal"
      style="font-family: Georgia,serif;"
    >
      <div
        class="font-sans"
      >
        <div
          class="text-base md:text-sm text-teal-500 font-bold inline-block"
        >
          <span>
            <header>
              <h1
                class="font-bold font-sans break-normal text-gray-900 pt-6 pb-2 text-3xl md:text-4xl"
              >
                A Quick Holiday Update!
              </h1>
            </header>
            <p
              class="text-sm md:text-base font-normal text-gray-600"
            >
              Published 
              2019-12-17T11:16:33
            </p>
          </span>
        </div>
      </div>
    </div>
    <div
      class="text-gray-700 text-base"
    >
      

      <h2>
        Bug fixes as a present are kind of like getting
      </h2>
    </div>
    <footer
      class="px-6 py-4"
    >
      <div
        class="text-base md:text-sm text-gray-500 px-4 py-6"
      >
        <div
          class=""
        >
          <span
            class="inline-block bg-black text-white rounded-full px-3 py-1 text-sm font-semibold text-gray-700"
          >
            #hiRoy
          </span>
        </div>
      </div>
      <div
        class="flex items-center bg-gray-300 pl-4 pr-4"
      >
        <img
          alt="Avatar for Josh Pollock"
          class="w-10 h-10 rounded-full mr-4"
          src="https://secure.gravatar.com/avatar/90f0d6d84cc52508796d039eb81c4f06?s=96&d=mm&r=g"
        />
        <div>
          <h3
            class="text-gray-900"
          >
            Josh Pollock
          </h3>
          <p
            class="text-gray-600 text-xs md:text-base"
          >
            Josh Pollock is VP of Engineering Experience at &lt;a href="https://saturdaydrive.io/"&gt;Saturday Drive&lt;/a&gt;. Previously, he was the founder of CalderaWP and the lead developer of Caldera Forms. He is also a WordPress core contributor and the author of two books about WordPress development.
          </p>
          <p
            class="text-gray-900 "
          >
            <a
              href="/authors/josh"
              title="All Posts By Josh Pollock"
            >
              Read More
            </a>
          </p>
        </div>
      </div>
    </footer>
  </article>
</div>
`;
